// Jest Snapshot v1, https://goo.gl/fbAQLP

exports[`<Content /> should match snapshot 1`] = `
<div
  className="flex flex-col items-center justify-center mt-10 px-5"
>
  <div
    className="py-20 w-full md:w-1/2 lg:w-1/3"
  >
    <h1
      className="text-lg md:text-2xl text-gray-900"
    >
      Market Summary &gt; Bitcoin - USD
    </h1>
    <div
      className="my-5 text-center"
      style={
        Object {
          "backgroundColor": "#fff",
          "border": "1px solid #ddd",
          "borderRadius": "4px",
          "boxShadow": "0 1px 1px rgb(0 0 0 / 5%)",
        }
      }
    >
      <div
        className="text-xl md:text-3xl font-semibold font-mono"
        style={
          Object {
            "backgroundColor": "#d9edf7",
            "borderBottom": "1px solid transparent",
            "borderColor": "#bce8f1",
            "borderTopLeftRadius": "3px",
            "borderTopRightRadius": "3px",
            "color": "#31708f",
            "padding": "10px 15px",
          }
        }
      >
        0
        $
      </div>
    </div>
  </div>
  <div
    className="flex flex-col md:mt-20 p-5 w-full md:w-1/2"
    style={
      Object {
        "border": "1px solid #e3e3e3",
      }
    }
  >
    <div
      className="font-medium text-base text-gray-600"
    >
      Please wait...
    </div>
    <div
      className="font-medium text-base text-gray-600"
    >
      While we calculate the result.
    </div>
    <div
      className="font-medium text-base text-gray-600"
    >
      Voting is disabled for a while.
    </div>
  </div>
</div>
`;
