// Jest Snapshot v1, https://goo.gl/fbAQLP

exports[`<Score /> should match snapshot 1`] = `
<div
  style={
    Object {
      "backgroundColor": "#d9edf7",
      "border": "1px solid #bce8f1",
      "borderRadius": "15px",
      "color": "#337ab7",
      "fontWeight": "700",
      "padding": "5px 14px",
    }
  }
>
  Score 
  <span>
    0
  </span>
</div>
`;
